<!DOCTYPE html>
<html lang="ru">
 <head>
  <meta charset="utf-8"/>
  <title>
   Блог Тото
  </title>
  <link href="https://cdn2.site.com/blog/assets/style.css" media="all" rel="stylesheet"/>
  <link href="localhost-blog-about_files/localhost-blog-about-assets-styles.css" media="all" rel="stylesheet">
   <script src="https://getbootstrap.com/docs/4.5">
   </script>
   <link href="localhost-blog-about_files/localhost-blog-about.html" rel="canonical"/>
  </link>
 </head>
 <body>
  <img alt="Моя фотография" src="localhost-blog-about_files/localhost-photos-me.jpg"/>
  <p>
   Перейти ко всем записям в
   <a href="/blog">
    блоге
   </a>
  </p>
  <script src="localhost-blog-about_files/localhost-assets-scripts.js">
  </script>
 </body>
</html>
